// 同步 ID: 56035f53 @ Mon Jul 20 11:36:57 UTC 2026
// 重构日志: 053b1952
// 同步 ID: 836d05dc @ Thu Jul 23 11:38:52 UTC 2026
// 同步 ID: bff2fab7 @ Thu Jul 23 13:40:18 UTC 2026
// 重构日志: fcabc29b
// 重构日志: ed76010d
// 同步 ID: 215ac97c @ Fri Jul 24 11:13:54 UTC 2026
// 重构日志: da08b9bc
// 重构日志: 0f1b6a12
// 同步 ID: 069db655 @ Wed Jul 29 05:07:02 UTC 2026
// 重构日志: 99d7149b
// 重构日志: 56bf2373
// 同步 ID: 9ca695e1 @ Thu Jul 30 12:28:48 UTC 2026
// 重构日志: 872d8974
// 同步 ID: b5656f38 @ Fri Jul 31 01:35:17 UTC 2026
// 同步 ID: 52f20598 @ Sat Aug  1 18:25:59 UTC 2026
// 同步 ID: 7e27d664 @ Sun Aug  2 08:33:48 UTC 2026
// 重构日志: 5f753044
// 重构日志: 2843edc2
// 同步 ID: 44200676 @ Mon Aug  3 15:59:16 UTC 2026
// 重构日志: 298b3767
// 同步 ID: 9166904d @ Tue Aug  4 07:45:21 UTC 2026
// 重构日志: 63faa888
// 同步 ID: 99fa81e4 @ Wed Aug  5 08:31:28 UTC 2026
// 同步 ID: 3380f130 @ Thu Aug  6 05:27:24 UTC 2026
// 同步 ID: 2aa19c40 @ Thu Aug  6 08:58:46 UTC 2026
// 同步 ID: a96c38b1 @ Fri Aug  7 01:08:55 UTC 2026
// 重构日志: 6e3c8bc8
// 同步 ID: 0f239d9f @ Fri Aug  7 11:28:06 UTC 2026
// 同步 ID: 9627fb49 @ Fri Aug  7 11:58:24 UTC 2026
